
> build
> next build

  ▲ Next.js 14.2.35
  - Environments: .env

   Creating an optimized production build ...
 ✓ Compiled successfully
   Linting and checking validity of types ...
   Collecting page data ...
   Generating static pages (0/21) ...
   Generating static pages (5/21) 
   Generating static pages (10/21) 
   Generating static pages (15/21) 
 ✓ Generating static pages (21/21)
   Finalizing page optimization ...
   Collecting build traces ...

Route (app)                              Size     First Load JS
┌ ○ /                                    142 B          87.5 kB
├ ○ /_not-found                          873 B          88.2 kB
├ ƒ /api/articles                        0 B                0 B
├ ƒ /api/articles/decision               0 B                0 B
├ ƒ /api/auth/[...nextauth]              0 B                0 B
├ ƒ /api/auth/register                   0 B                0 B
├ ƒ /api/checkout/initiate               0 B                0 B
├ ƒ /api/checkout/verify                 0 B                0 B
├ ƒ /api/reviews                         0 B                0 B
├ ƒ /api/reviews/submit                  0 B                0 B
├ ƒ /api/upload                          0 B                0 B
├ ƒ /archive                             2.71 kB          90 kB
├ ƒ /article/[id]                        142 B          87.5 kB
├ ƒ /checkout/[articleId]                2.88 kB        90.2 kB
├ ○ /checkout/error                      181 B          96.2 kB
├ ○ /dashboard/author/submit             174 B          92.7 kB
├ ƒ /dashboard/editor                    139 B           108 kB
├ ƒ /dashboard/reviewer/[assignmentId]   139 B           107 kB
├ ƒ /editor                              139 B           108 kB
├ ○ /login                               13.8 kB         101 kB
├ ƒ /reviewer                            139 B           107 kB
├ ○ /submit                              175 B          92.7 kB
└ ○ /submit/success                      181 B          96.2 kB
+ First Load JS shared by all            87.3 kB
  ├ chunks/117-183181b64e009c5d.js       31.7 kB
  ├ chunks/fd9d1056-a5b8066cb5fdca38.js  53.6 kB
  └ other shared chunks (total)          1.95 kB


ƒ Middleware                             26.6 kB

○  (Static)   prerendered as static content
ƒ  (Dynamic)  server-rendered on demand

